[0m                                        [1m┌[0m─────────────────────────────────────[1m┐[0m
             [1;30;42m▓[40m▀[42m▓[40m▀[42m▓[0m [1;30;42m▓[0m  [1;30;42m▓[0m [1;30;42m▓[40m▀▀[0m             │ [1mYou are [32mCaptain Comic[37m, galactic hero[0m│
               [1;30;42m▒[0m   [1;30;42m▒[0;32m▀▀[1;30;42m▒[0m [1;30;42m▒[0;32m▀[37m              │ [1mYour mission is to recover three    [0m│
               [32m▀   ▀  ▀ ▀▀▀[37m             │ [1mtreasures from the planet Omsoc,    [0m│
              [1;32mADVENTURES OF[0m             │ [1mwhich have been stolen away and[0m     │
                                        │ [1mhidden on the remote planet of Tambi[0m│
   [1;30m▀▀▀▀ [42m▓[40m▀▀[42m▓[0m [1;30;42m▓[40m▀▀▄ [42m▓[40m▀[42m▓[40m▀[42m▓[0m [1;30;42m▓[40m▀▀[42m▓[0m [1;30m▀ ▀▀▀▄[0m     │                                     │
   [1;30;42m▒[0m    [1;30;42m▒[0;32m▀ [1;30;42m▒[0m [1;30;42m▒[0m [32m▀    [1;30;42m▒[0m   [1;30;42m▒[0;32m▀ [1;30;42m▒[0m [1;30;42m▒[0m [1;30;42m▒[0m  [1;30;42m▒[0m     │ [1;32mCaptain Comic [37mis a platformer[0m       │
    [32m▀▀▀ ▀  ▀ ▀[37m      [32m▀   ▀  ▀ ▀ ▀  ▀[37m     │ [1mfeaturing a huge nonlinear playfield[0m│
▄▄▄▄▄▄▄▄ ▄▄▄▄▄▄▄▄ ▄▄▄▄▄▄▄▄  ▄ ▄▄▄▄▄▄▄▄  │ [1mdivided into several diffent[0m        │
[1;32;42m████████[30;40m█[0;30;42m▒▒▒▒▒▒▒▒[1;40m█[0;30;42m▒▒▒▒▒▒▒▒[1;40m▄ [32;42m█[0m [1;32;42m████████[30;40m█ [0m│ [1mterrains. As Comic, you must search [0m│
[1;32;42m▓[30;40m█▀▀▀▀[0;42m▄[1;32m▓[30;40m█[0;30;42m░[1;40m█▀▀▀▀[0;42m▄[30m░[1;40m█[0;30;42m░[1;40m█▀[0;42m▄[30m░[1;40m██[0;42m▄[30m░[37;40m█[1;32;42m▓[0m█[1;32;42m▓[30;40m█▀▀▀▀[0;42m▄[1;32m▓[30;40m█ [0m│ [1mTambi for power ups and items that  [0m│
[1;32;42m▒[30;40m█    [0m▀[1;30m▀▀[42m [40m█    [0m█[42m [1;30;40m█[42m [40m█ [0m█[42m [1;30;40m█ [0m█[42m [40m█[1;32;42m▒[0m█[1;32;42m▒[30;40m█    [0m▀[1;30m▀▀ [0m│ [1maid you in recovery of 3 treasures. [0m│
[1;32;42m░[30;40m█[0m       [1;32;42m░[30;40m█    [0m█[1;32;42m░[30;40m█[32;42m░[30;40m█ [0m▀▀[1;30m▀ [0m█[1;32;42m░[0m█[1;32;42m░[0m█[1;32;42m░[30;40m█[0m        │ [1;44mSystem    : IBM 8088 / 8086        [0m │
[42m [1;30;40m█    [0m▄▄▄[1;32;42m▒[30;40m█    [0m█[1;32;42m▒[30;40m█[32;42m▒[30;40m█[0m     █[1;32;42m▒[0m█[42m [40m█[42m [1;30;40m█    [0m▄▄▄ │ [1;44mMemory    : 256 KB                 [0m │
[30;42m░[1;40m█[0m▄▄▄▄█[30;42m░[1;40m█[32;42m▓[30;40m█[0m▄▄▄▄█[1;32;42m▓[30;40m█[32;42m▓[30;40m█[0m     █[1;32;42m▓[0m█[30;42m░[37;40m█[30;42m░[1;40m█[0m▄▄▄▄█[30;42m░[1;40m█ [0m│ [1;44mYear      : 1988                   [0m │
[30;42m▒▒▒▒▒▒▒▒[1;40m█[32;42m████████[30;40m█[32;42m█[30m█[0m     █[1;32;42m█[0m█[30;42m▒[37;40m█[30;42m▒▒▒▒▒▒▒▒[1;40m█ [0m│ [1;44mGraphics  : EGA                    [0m │
[1;30m▀▀▀▀▀▀▀▀ ▀▀▀▀▀▀▀▀ ▀▀[0m     [1;30m▀▀ ▀ ▀▀▀▀▀▀▀▀  [0m│ [1;44mControls  : Keyboard, Joystick     [0m │
                                        │ [1;44mSound     : PC Speaker             [0m │
                                        [1m└[0m─────────────────────────────────────[1m┘[0m




