[0m[1;33m▀█▀▀▄  ▄▀█▀▀ ▀█▀▄  ▄▀█    ▀█   ▄  ▄▀▀▄  [37m┌[0m─────────────────────────────────────[1m┐[0m
[1m [33m█   █   █    █  █   █[0m     [1;33m██ ██ █[0m      │ [1mEndrick, the warrior, and Elandra,  [0m│
[1;33m▀█▀█▀   ▄█▄  ▀█▀▀█   █[0m     [1;33m█ █ █  ▀▄▄   [0m│ [1mthe sorceress, have to travel[0m       │
 [1;33m█  ▀▄ ▀ █    █  █   █[0m     [1;33m█   █[0m     [1;33m█  [0m│ [1mthrough 26 levels, split into 3[0m     │
[1;33m█   ▄░  ▄▀▄▄ ▄▀ ▄▀  ▄▀▄▄▄ ▄▀  ▄▀ ▀▄▄▄▀  [0m│ [1m`episodes' to find the source of    [0m│
    [1;33m▒[0m                                   │ [1mwhat's corrupting the land of[0m       │
    [1;33m▌[0m        [1;33m▄▀▀▀▄ ▄▀█▀▀▀▀[0m              │ [1mMysteria. Endrich uses his sword to [0m│
            [1;33m█    █   █[0m                  │ [1mfight enemies in close combat, and  [0m│
            [1;33m█    █  ▄█▄▄[0m                │ [1mElandra uses a supply of gems to    [0m│
            [1;33m█    █ ▀ █[0m                  │ [1mblast them with fireballs from a    [0m│
            [1;33m▀▄▄▄▄▀ ▄▄▀[0m                  │ [1mdistance. You can switch between    [0m│
                   [1;33m▀[0m                    │ [1mcharacters at any time, but they    [0m│
   [1;33m▄▀▀▀▄ ▀█  ▀█ ▀█▀▀▄   ▄▀▀▀▄  ▄▀▀▀▄[0m    │ [1mboth share health bars.[0m             │
  [1;33m█[0m       [1;33m█   █  █   █ █    █ █[0m         │ [1;44mSystem    : IBM i386               [0m │
  [1;33m█[0m      [1;33m▀█▀▀▀█ ▀█▀▀▀█ █    █  ▀▀▄▄[0m     │ [1;44mMemory    : 640 KB                 [0m │
  [1;33m█[0m       [1;33m█   █  █   █ █    █[0m      [1;33m█[0m    │ [1;44mYear      : 1995                   [0m │
  [1;33m▀▄▄▄▄▀ ▄▀  ▐░ ▄▀  ▄▀ ▀▄▄▄▄▀ ▀▄▄▄▄▀[0m    │ [1;44mGraphics  : VGA                    [0m │
             [1;33m▒▌[0m                   [1;30m(tm)  [0m│ [1;44mControls  : Keyboard, Joystick     [0m │
             [1;33m▓[0m                          │ [1;44mSound     : Adlib,GM,Sound Blaster [0m │
             [1;33m▌[0m                          [1m└[0m─────────────────────────────────────[1m┘[0m




