[0m[1;33m█[43m█[40m▀▀▄ ▄█▀▀▄ ▄█▀▀▄ ██▀▀▄    [30m█    [37m▌[0m     [1;30m█ [37m┌[0m─────────────────────────────────────[1m┐[0m
[1;33m█[43m▓[0m  [1;33;43m▓[0m [1;33;43m█▓[0m  [1;33;43m▓[0m [1;33;43m█▓[0m  [1;33;43m▓[0m [1;33;43m█▓[0m  [1;33;43m▓[0m   [1;30m█  [0;31m░[37m        [1;30m█ [0m│ [1mRoad Warrior is the sequel to[0m       │
[33m▓[1;43m▒[0m  [1;33;43m▒[0m [1;33;43m▓▒[0m  [1;33;43m▒[0m [1;33;43m▓▒[0m  [1;33;43m▒[0m [1;33;43m▓▒[0m  [1;33;43m▒[0m   [1;30m█[0m     [1m▌[0m     [1;30m█ [0m│ [1mQuarantine the driving game. As in  [0m│
[33m▒[1;43m░[0m  [1;33;43m░[0m [1;33;43m▒░[0m  [1;33;43m░[0m [1;33;43m▒░[0m  [1;33;43m░[0m [1;33;43m▒░[0m  [1;33;43m░[0m   [1;30m█  [0;31m▓[37m        [1;30m█ [0m│ [1mthe original, you still play the    [0m│
[33m░[43m [37;40m  [33;43m [37;40m [1;33;43m░ [0m  [1;33;43m [0m [1;33;43m░ [0m  [1;33;43m [0m [1;33;43m░ [0m  [1;33;43m [0m   [1;30m█[0m     [1m▌    [30m█  [0m│ [1mrole of Drake Edgewater, a cab[0m      │
[33;43m█ [40m▀█▄ [43m  [37;40m  [33;43m [37;40m [33;43m  [40m▀▀[43m [37;40m [33;43m  [37;40m  [33;43m [37;40m   [1;30m█ [0;31m▓[37m        [1;30m█  [0m│ [1mdriver whose only goal is to escape [0m│
[1;33m░[43m▒[0m  [1;33;43m░[0m [1;33;43m░▒[0m  [1;33;43m░[0m [1;33;43m░▒[0m  [1;33;43m░[0m [1;33;43m░▒[0m  [1;33;43m░[0m  [1;30m█ [0;31m░▀  [1;37m▌    [30m█   [0m│ [1mthe hell of futurustuc Kemo City.   [0m│
[1;33m▒▓  ▒ ▒▓  ▒ ▒▓  ▒ ▒▓  ▒ [30m▄█ [0;31m▒[37m        [1;30m█   [0m│ [1mUsing his cab as the only way to    [0m│
[1;33m██  █ ██  █ ██  █ ██  █ [30m█[0m     [1m▌    [30m█[0m    │ [1msurvive. Drake accepts a series of  [0m│
[31m▀▀  ▀  ▀▀▀  ▀▀  ▀ ▀▀▀▀  [1;30m▀[0m          [1;30m█[0m    │ [1mspecial missions against OmniCorp.  [0m│
[1;33m█ [43m█[0m [1;33;43m█[0m [1;33m▄█▀▀▄ ██▀▀▄ ██▀▀▄ ██ ▄█▀▀▄ ██▀▀▄  [0m│ [1mThe money is used to repair and[0m     │
[1;33m█ [43m█[0m [1;33;43m▓[0m [1;33;43m█▓[0m  [1;33;43m▓[0m [1;33;43m█▓[0m  [1;33;43m▓[0m [1;33;43m█▓[0m  [1;33;43m▓[0m [1;33;43m█▓[0m [1;33;43m█▓[0m  [1;33;43m▓[0m [1;33;43m█▓[0m  [1;33;43m▓[0m  │ [1mupgrade his vehicle with new[0m        │
[1;33m█ [43m▓[0m [1;33;43m▒[0m [1;33;43m▓▒[0m  [1;33;43m▒[0m [1;33;43m▓▒[0m  [1;33;43m▒[0m [1;33;43m▓▒[0m  [1;33;43m▒[0m [1;33;43m▓▒[0m [1;33;43m▓▒[0m  [1;33;43m▒[0m [1;33;43m▓▒[0m  [1;33;43m▒[0m  │ [1mweapons.[0m                            │
[33m▓ [1;43m▒[0m [1;33;43m░[0m [1;33;43m▒░[0m  [1;33;43m░[0m [1;33;43m▒░[0m  [1;33;43m░[0m [1;33;43m▒░[0m  [1;33;43m░[0m [1;33;43m▒░[0m [1;33;43m▒░[0m  [1;33;43m░[0m [1;33;43m▒░[0m  [1;33;43m░[0m  │ [1;44mSystem    : IBM i486 DX            [0m │
[33m▒ [1;43m░[0m [1;33;43m [0m [1;33;43m░ [0m  [1;33;43m [0m [1;33;43m░ [0m  [1;33;43m [0m [1;33;43m░ [0m  [1;33;43m [0m [1;33;43m░ [0m [1;33;43m░ [0m  [1;33;43m [0m [1;33;43m░ [0m  [1;33;43m [0m  │ [1;44mMemory    : 8 MB                   [0m │
[33m░ [43m [37;40m [33;43m [37;40m [33;43m  [40m▀▀[43m [37;40m [33;43m  [40m▀█▄ [43m  [40m▀█▄ [43m  [37;40m [33;43m  [37;40m  [33;43m [37;40m [33;43m  [40m▀█▄  [37m│ [1;44mYear      : 1996                   [0m │
[1;33m░ ▒ ▓ ▒▓  ▒ ▒▓  ▒ ▒▓  ▒ ▒▓ ▒▓  ▒ ▒▓  ▒  [0m│ [1;44mGraphics  : SuperVGA, VESA         [0m │
[1;33m▒ ▓ █ ▓█  ▓ ▓█  ▓ ▓█  ▓ ▓█ ▓█  ▓ ▓█  ▓  [0m│ [1;44mControls  : Mouse, Joystick        [0m │
[1;33m▓ █ █ ██  █ ██  █ ██  █ ██ ██  █ ██  █  [0m│ [1;44mSound     : Adlib, SB/16/Pro       [0m │
 [31m▀▀▀  ▀▀  ▀ ▀▀  ▀ ▀▀  ▀ ▀▀  ▀▀▀  ▀▀  ▀  [1;37m└[0m─────────────────────────────────────[1m┘[0m




