[0m             [1;33mSTAR WARS[0m           [1;30m.[0m      [1m┌[0m─────────────────────────────────────[1m┐[0m
      <[1;30m-[0;30;47m☼[1;40m-[0m> [1mTIE FIGHTER[30m.   .[0m            │ [1mYou are a member of the Imperial    [0m│
[1m•[0m                  [1;30mX[0m               [1;30m.[0m    │ [1mNavy, eager to fight the Rebel[0m      │
                        [1;30m.[0m               │ [1mAlliance and other scum to stregthen[0m│
                                        │ [1mthe rule of Darth Vader and the[0m     │
      [1;30m▐[0m▌        [1m▄[0m          [1;30m▐▬[0;30;47m■[1;40m▬▌    x   [0m│ [1mEmperor. The follow up to X-Wing is [0m│
      [1;30;47m▐[0;30;47m▓[37;40m ▄[1;47m▀[0m▀[1;30;47m▀[0m  [1m▐[47m [30;40m▌[0m                      │ [1ma space combat sim set in the Star  [0m│
     [1;30;47m▐[40m▀▀▀[47m▄[40m▄▄▀▀▀[37;47m▌[30m▓[0m                   [1;30m.   [0m│ [1mWars universe. There are 7 campaigns[0m│
    ▐         [1m▐[0m▀                        │ [1mtaking in over 50 missions. You will[0m│
                    [1;30m.[0m         [1;30m•[0m         │ [1mfly craft from the lowly Tie Fighter[0m│
   [1;30m■[0m                      [1;30m.[0m             │ [1mto the speedy Tie Interceptor to the[0m│
            ■        [1m•[0m                  │ [1mhigh-powered Tie Advanced. Balancing[0m│
     [1m.[0m                     [1m▄▄▄[0m          │ [1mengine/laser/shield ratios.[0m         │
             [1m█[47m▀▀▀[40m▄[0m        [1;30m▐[47m▓▌ [37;40m█[0m         │ [1;44mSystem    : IBM i386 DX            [0m │
   [1;30m▄[0m        [1m▓[0m▒▓[1;30;47m▐▐█[37;40m▒[0m       [1;30m█[47m ▌[0m█[1m▓▌[0m        │ [1;44mMemory    : 2 MB (EMS)             [0m │
           [1;30m▐[0m░[47m  [1;30m█ ▓[40m█▌ [37m▄█[30;47m▓▓[40m▌▌[0;30;47m▓[1m█▄▄[37;40m░[0m        │ [1;44mYear      : 1994                   [0m │
           [1;30m▓[47m▄▄██▄██[40m▓[0m▄[1;47m█[30;40m▌▀[37;47m▀[30;40m▀█▄[47m█▓[37m░[30;40m█   ■[0m    │ [1;44mGraphics  : MCGA,VGA               [0m │
           [1;30m▐[47m▌ [0m▄[1;30;47m█[0m░[30;47m▓[1;40m██▀[0;30;47m▓[1;40m█▀▄▀█▄▄█[47m▄[40m▒[0m        │ [1;44mControls  : Key, Mouse, Joystick   [0m │
     [1;30m▬[0m      [1;30m█[47m░ █▒[40m▓▀   ▀▀▀▀ █[47m▓[40m█▀[0m         │ [1;44mSound     : GM,MT-32,SB/16/Pro     [0m │
            [1;30m█[47m▄█[40m▀[0m                   ■    [1m└[0m─────────────────────────────────────[1m┘[0m




