[0m          [1m│[0m         [1m│[0m         [1m│[0m         [1m┌[0m─────────────────────────────────────[1m┐[0m
          [1m│[0m         [1m│[0m         [1m│[0m         │ [1mTheme Hospital is a level-based[0m     │
          [1m│ [0;30;47mTHEME[1;37;40mHOSPITAL[0m     [1m│[0m         │ [1mhospital management sim where[0m       │
[1m──────────┼─────────┼─────────┼─────────[0m│ [1mplayers have to start on an empty   [0m│
          [1m│[0m         [1m│[0m         [1m│[0m         │ [1mbuilding, and then assemble rooms.  [0m│
          [1m│[0m         [1m│[0m         [1m│[0m         │ [1mDiagnose dieseases such as Bloaty   [0m│
          [1m│    [0;32m▄█████▄[37m        [1m│[0m         │ [1mHead, Slack Songue or Alien DNS, and[0m│
[1m──────────┼─── [0;32m██████[47m▓[37;40m [1m───────┼─────────[0m│ [1mtreat them with bizarre machines    [0m│
          [1m│    [0;32m██████[47m▓[37;40m        [1m│[0m         │ [1mlike a Head Inflator or a DNA Fixer.[0m│
          [1m│    [0;32m██████[47m▓[37;40m        [1m│[0m         │ [1mAs levels advance, you face harder  [0m│
      [32m▄███████████████████████▄[37m         │ [1msituations: VIP visits, emergencies,[0m│
[1m──────[0;32m█████████████████████████[1;37m─────────[0m│ [1mepidemics and earthquakes. Addl.    [0m│
      [32m▀██████████████[47m▓▓▓▓▓▓▓▓▓[1;37;40m│[0m         │ [1mplots of land are avail for $$.[0m     │
          [1m│    [0;32m██████[47m▓[37;40m        [1m│[0m         │ [1;44mSystem    : IBM i486 DX2           [0m │
          [1m│    [0;32m██████[47m▓[37;40m        [1m│[0m         │ [1;44mMemory    : 8 MB                   [0m │
 [1m─────────┼─── [0;32m██████[47m▓[1;37;40m────────┼─────────[0m│ [1;44mYear      : 1997                   [0m │
          [1m│    [0;32m▀█████▀[37m        [1m│[0m         │ [1;44mGraphics  : SuperVGA, VESA         [0m │
          [1m│[0m          [1m│[0m        [1m│[0m         │ [1;44mControls  : Keyboard, Mouse        [0m │
  [32mBalancing the books and the bedpans   [37m│ [1;44mSound     : Sound Blaster/16/Pro   [0m │
[1m──────────┴──────────┴────────┴─────────└[0m─────────────────────────────────────[1m┘[0m




