[0m [1;33m██▀█▀██[0m              [1;33m▄ ▄▄[0m             [1m┌[0m─────────────────────────────────────[1m┐[0m
[1m [33m▀  █  ▀ ▄▄ ▄▄ ▄ ▄▄  ▄▄   █▄▄  ▄ ▄[0m     │ [1;33mTyrian [37mis a shoot 'em up with a[0m     │
    [1;33m█[0m     [1;33m█ █   █ ██  █    ▄█   █ █[0m    │ [1mcomplex plot. You play the role of  [0m│
    [1;33m█[0m     [1;33m██▌   █[0m     [1;33m█  ▄█ █   █ █  ▀▄[0m│ [1mTrent Hawkings, this galaxy's ace   [0m│
   [1;33m▄█▄    ██   ▄█    ▄█▄ ▀█▄▀▄ ▄█ █▄▄▄▀[0m│ [1msolo fighter-pilot, whose luck[0m      │
          [1;33m▐▌[0m                           │ [1mforces him to save the galaxy, one  [0m│
          [1;33m█[0m                            │ [1mtime after another. You will find   [0m│
           [1;33m█[0m                           │ [1myourself betrayed by friends allies,[0m│
           [1m▄▄▄▄▄▄▄▄▄▄▄▄▄▄▄▄▄[0m           │ [1myour parents will be killed and you [0m│
     [34m░░░░░░[1;37m█[0m█▀▀▀█▀▀▀█▀█▀▀▀█[1;30;44m█[0;34m░░░░░░░░[37m   │ [1mwill have to return to points you've[0m│
     [34m▒▒▒▒▒▒[1;37m█[0m█ ▀██ ▀ █ █ ███[1;30;44m█[0;34m▒▒▒▒▒▒▒▒[37m   │ [1malready been to in order to remove  [0m│
     [34m▓▓▓▓▓▓[1;37m█[0m█ ▀▀█ ███ █ ▀▀█[1;30;44m█[0;34m▓▓▓▓▓▓▓▓[37m   │ [1mfurther threats to the galaxy, all  [0m│
     [44m  [1m▄▄▄▄[40m█[47m▄▄▄▄▄▄▄▄▄▄▄▄▄▄▄[40m▄[44m▄▄▄▄    [0m   │ [1mto overthrow MicroSol.[0m              │
     [1;34;44m░░[37;40m█[47m   [0;30;47mM E G A G A M E S   [1;44m█ [34m░░░[0m   │ [1;44mSystem    : IBM i386               [0m │
     [1;34;44m▒▒[30m▀▀▀▀[47m▀▀▀▀▀▀▀▀▀▀▀▀▀▀▀▀[44m█▀▀▀▀ [34m▒▒▒[0m   │ [1;44mMemory    : 4 MB                   [0m │
     [1;34;44m▓▓▓▓▓▓[37;40m█[47m [0;30;47m─═══════════─ [1;44m█ [34m▓▓▓▓▓▓▓[0m   │ [1;44mYear      : 1995                   [0m │
     [1;34;44m██████[30m▀▀▀▀▀▀▀▀▀▀▀▀▀▀▀▀▀ [34m███████[0m   │ [1;44mGraphics  : SuperVGA, VGA          [0m │
                                       │ [1;44mControls  : Key, Mouse, Joy, Gravis[0m │
                                       │ [1;44mSound     : Adlib, GM, SB/16/Pro   [0m │
                                       [1m└[0m─────────────────────────────────────[1m┘[0m




