[0m                                        [1m┌[0m─────────────────────────────────────[1m┐[0m
 [1;36;46m▓[0;36m█  [1m█[0;36m▓[37m [1;36;46m▓[0;36m█    [1m▀▀[46m▒[0;36m█▀▀ [1;46m▀[0;36m█ [1m█[0m     [1;36m▄[0m [1;36m█▀[0;36m▀██   [37m│ [1mUltima Underworld is commonly[0m       │
 [1;36;46m▒[0;36m█  [1;46m▒[0;36m█[37m [1;36;46m▒[0;36m█[37m      [1;36;46m░[0;36m█[37m      [1;36;46m▓[0;36m█▄ ▄[1;46m░[0;36m█ [1m█[0;36m█  [1;46m▒[0;36m█  [37m│ [1mconsidered the first role-playing   [0m│
 [1;36;46m░[0;36m█  [1;46m░[0;36m█[37m [1;36;46m░[0;36m█[37m      [36m██  ▀▓█ [1;46m▒[0;36m█ [1;46m░[0m [1;36;46m░[0;36m█ [1;46m░[0;36m█▄█[1;46m░[0;36m█  [37m│ [1mgame with fluid first-person[0m        │
 [36m█▓  ██[37m [36m██[37m      [36m██   ██[37m [1;36;46m░[0;36m█   [1;46m▒[0;36m█ ██▀ ▓█  [37m│ [1mmovement in a real 3D environment.  [0m│
 [1;31m▀█▄▄█▀[0m [1;31m▀█▄▄░▓  █▓  ▄██[0m [1;31m██   ▓█ ██  ██  [0m│ [1mThe game's combat system is action- [0m│
                                        │ [1moriented. The player has to draw    [0m│
                [1;36mUNDERWORLD[0m              │ [1ma weapon, aim at opponent, and hold [0m│
                    [31mthe[37m                 │ [1mthe cursor over the game screen to  [0m│
               [1;33ms[0;31mtygian [1;33ma[0;31mbyss[37m            │ [1minflict damage; the longer the[0m      │
                                        │ [1mplayer holds it, the stronger is the[0m│
                                        │ [1mattack. The player shooses gender,  [0m│
                                        │ [1mclass, skills for the Avatar.[0m       │
                                        │ [1;44mSystem    : IBM i386 SX            [0m │
                                        │ [1;44mMemory    : 2 MB                   [0m │
                                        │ [1;44mYear      : 1992                   [0m │
                                        │ [1;44mGraphics  : VGA                    [0m │
                                        │ [1;44mControls  : Keyboard, Mouse        [0m │
                                        │ [1;44mSound     : Adlib, MT-32,SB/Pro    [0m │
                                        [1m└[0m─────────────────────────────────────[1m┘[0m




